
Execution of 1 workers started at 2026-03-12T07:15:34.434Z

[0-0] [dotenv@17.2.1] injecting env (0) from .env -- tip: ÔÜÖ´©Å  write to custom object with { processEnv: myObject }
[0-0] RUNNING in chrome - file:///C:/MobileAutomation/igs-wdio-framework-main/test/specs/sanity.spec.ts
node.exe : [0-0] 2026-03-12T07:15:52.119Z ERROR webdriver: WebDriverError: 
invalid selector: No selector specified
At line:1 char:1
+ & "C:\Program Files\nodejs/node.exe" "C:\Program Files\nodejs/node_mo ...
+ ~~~~~~~~~~~~~~~~~~~~~~~~~~~~~~~~~~~~~~~~~~~~~~~~~~~~~~~~~~~~~~~~~~~~~
    + CategoryInfo          : NotSpecified: ([0-0] 2026-03-1...ector specified 
   :String) [], RemoteException
    + FullyQualifiedErrorId : NativeCommandError
 
[0-0]   (Session info: chrome=145.0.7632.160) when running "element" with 
method "POST"
[0-0] invalid selector in "Sanity Test.Verify user navigates to coorect screen on tapping the shared deeplink."
invalid selector: WebDriverError: invalid selector: No selector specified
  (Session info: chrome=145.0.7632.160) when running "element" with method "POST"
    at async Browser.wrapCommandFn (C:\MobileAutomation\igs-wdio-framework-main\node_modules\@wdio\runner\node_modules\@wdio\utils\build\index.js:982:23)
    at async Browser.findDeepElement (C:\MobileAutomation\igs-wdio-framework-main\node_modules\@wdio\runner\node_modules\webdriverio\build\node.js:8412:29)
    at async Browser.findElement (C:\MobileAutomation\igs-wdio-framework-main\node_modules\@wdio\runner\node_modules\webdriverio\build\node.js:8484:18)
    at async Browser.$ (C:\MobileAutomation\igs-wdio-framework-main\node_modules\@wdio\runner\node_modules\webdriverio\build\node.js:1047:15)
    at async Browser.wrapCommandFn (C:\MobileAutomation\igs-wdio-framework-main\node_modules\@wdio\runner\node_modules\@wdio\utils\build\index.js:982:23)
    at async Function.assertTextEquals (C:\MobileAutomation\igs-wdio-framework-main\src\utilities\generic\assertCommands.ts:107:25)
    at async Function.verifyGuestUserSharedDeeplinkFunctionality (C:\MobileAutomation\igs-wdio-framework-main\src\utilities\business\sanityBusinessLogic.ts:575:1)
    at async Context.<anonymous> (C:\MobileAutomation\igs-wdio-framework-main\test\specs\sanity.spec.ts:158:7)
[0-0] FAILED in chrome - file:///C:/MobileAutomation/igs-wdio-framework-main/test/specs/sanity.spec.ts

 "spec" Reporter:
------------------------------------------------------------------
[chrome 145.0.7632.160 windows #0-0] Running: chrome (v145.0.7632.160) on windows
[chrome 145.0.7632.160 windows #0-0] Session ID: 5fdf525799e7830267f0f69b40606008
[chrome 145.0.7632.160 windows #0-0]
[chrome 145.0.7632.160 windows #0-0] ┬╗ test\specs\sanity.spec.ts
[chrome 145.0.7632.160 windows #0-0] Sanity Test
[chrome 145.0.7632.160 windows #0-0]    Ô£û Verify user navigates to coorect screen on tapping the shared deeplink.
[chrome 145.0.7632.160 windows #0-0]
[chrome 145.0.7632.160 windows #0-0] 1 failing (15.8s)
[chrome 145.0.7632.160 windows #0-0]
[chrome 145.0.7632.160 windows #0-0] 1) Sanity Test Verify user navigates to coorect screen on tapping the shared deeplink.
[chrome 145.0.7632.160 windows #0-0] WebDriverError: invalid selector: No selector specified
  (Session info: chrome=145.0.7632.160) when running "element" with method "POST"
[chrome 145.0.7632.160 windows #0-0] invalid selector: WebDriverError: invalid selector: No selector specified
[chrome 145.0.7632.160 windows #0-0]   (Session info: chrome=145.0.7632.160) when running "element" with method "POST"
[chrome 145.0.7632.160 windows #0-0]     at async Browser.wrapCommandFn (C:\MobileAutomation\igs-wdio-framework-main\node_modules\@wdio\runner\node_modules\@wdio\utils\build\index.js:982:23)
[chrome 145.0.7632.160 windows #0-0]     at async Browser.findDeepElement (C:\MobileAutomation\igs-wdio-framework-main\node_modules\@wdio\runner\node_modules\webdriverio\build\node.js:8412:29)
[chrome 145.0.7632.160 windows #0-0]     at async Browser.findElement (C:\MobileAutomation\igs-wdio-framework-main\node_modules\@wdio\runner\node_modules\webdriverio\build\node.js:8484:18)
[chrome 145.0.7632.160 windows #0-0]     at async Browser.$ (C:\MobileAutomation\igs-wdio-framework-main\node_modules\@wdio\runner\node_modules\webdriverio\build\node.js:1047:15)
[chrome 145.0.7632.160 windows #0-0]     at async Browser.wrapCommandFn (C:\MobileAutomation\igs-wdio-framework-main\node_modules\@wdio\runner\node_modules\@wdio\utils\build\index.js:982:23)
[chrome 145.0.7632.160 windows #0-0]     at async Function.assertTextEquals (C:\MobileAutomation\igs-wdio-framework-main\src\utilities\generic\assertCommands.ts:107:25)
[chrome 145.0.7632.160 windows #0-0]     at async Function.verifyGuestUserSharedDeeplinkFunctionality (C:\MobileAutomation\igs-wdio-framework-main\src\utilities\business\sanityBusinessLogic.ts:575:1)
[chrome 145.0.7632.160 windows #0-0]     at async Context.<anonymous> (C:\MobileAutomation\igs-wdio-framework-main\test\specs\sanity.spec.ts:158:7)


Spec Files:	 0 passed, 1 failed, 1 total (100% completed) in 00:00:18  

